define i32 @main() {
main:
  br i1 true, label %main1, label %if.else

main1:                                            ; preds = %main
  br label %if.end

if.else:                                          ; preds = %main
  br label %main2

main2:                                            ; preds = %if.else
  ret i32 3

if.end:                                           ; preds = %main1
  ret i32 4
}
