define i32 @main() {
main:
  br i1 true, label %if.true, label %if.else

if.true:                                          ; preds = %main
  ret i32 1

if.else:                                          ; preds = %main
  br i1 true, label %if.true1, label %if.else2

if.true1:                                         ; preds = %if.else
  br label %if.end

if.else2:                                         ; preds = %if.else
  ret i32 4

if.end:                                           ; preds = %if.true1
  br label %if.end3

if.end3:                                          ; preds = %if.end
  ret i32 5
}
