define i32 @main() {
main:
  br i1 true, label %if.true, label %if.else

if.true:                                          ; preds = %main
  br label %if.end

if.else:                                          ; preds = %main
  ret i32 3

if.end:                                           ; preds = %if.true
  ret i32 4
}
