define i32 @main() {
main:
  br i1 true, label %if.true, label %if.else

if.true:                                          ; preds = %main
  br label %if.end2

if.else:                                          ; preds = %main
  br i1 true, label %if.true1, label %if.end

if.true1:                                         ; preds = %if.else
  ret i32 3

if.end:                                           ; preds = %if.else
  br label %if.end2

if.end2:                                          ; preds = %if.end, %if.true
  ret i32 4
}
